---
source: tests/core/spec.rs
assertion_line: 82
expression: errors
snapshot_kind: text
---
[
  {
    "message": "Type '{body: String, id: Number, postImage: String, title: String}' is not assignable to type '[{body: String, id: Number, postImage: String, title: String}]'",
    "trace": [
      "Query",
      "newsById",
      "@grpc",
      "News"
    ],
    "description": null
  }
]
